<Module>
	<VariableDeclaration>
		<Name>a</Name>
		<Type>int</Type>
	</VariableDeclaration>
	<TypeDefinition>
		<Name>Vec2</Name>
		<TypeDesc>
			<Record>
				<Fields>
					<Field>
						<Type>x</Type>
						<Name>float</Name>
					</Field>
					<Field>
						<Type>y</Type>
						<Name>float</Name>
					</Field>
				</Fields>
			</Record>
		</TypeDesc>
	</TypeDefinition>
	<FunctionDefinition>
		<Name>f</Name>
		<ReturnType>float</ReturnType>
		<Parameters>
			<Parameter>
				<Name>a</Name>
				<Type>int</Type>
			</Parameter>
			<Parameter>
				<Name>b</Name>
				<Type>int</Type>
			</Parameter>
			<Parameter>
				<Name>c</Name>
				<Type>int</Type>
			</Parameter>
			<Parameter>
				<Name>d</Name>
				<Type>int</Type>
			</Parameter>
			<Parameter>
				<Name>r</Name>
				<Type>res</Type>
			</Parameter>
		</Parameters>
		<Block>
			<VariableDeclaration>
				<Name>x</Name>
				<Type>int</Type>
			</VariableDeclaration>
			<Echo>
				<Addition>
					<OperandA>
						<ExpVar>
							<Var>x</Var>
						</ExpVar>
					</OperandA>
					<OperandB>
						<IntConstant>55</IntConstant>
					</OperandB>
				</Addition>
			</Echo>
			<While>
				<Condition>
					<Or>
						<Condition>
							<LessThan>
								<ExpVar>
									<Var>a</Var>
								</ExpVar>
								<IntConstant>5</IntConstant>
							</LessThan>
						</Condition>
						<Condition>
							<And>
								<Condition>
									<GreaterThan>
										<ExpVar>
											<Var>b</Var>
										</ExpVar>
										<IntConstant>6</IntConstant>
									</GreaterThan>
								</Condition>
								<Condition>
									<GreaterThan>
										<ExpVar>
											<Var>c</Var>
										</ExpVar>
										<IntConstant>12</IntConstant>
									</GreaterThan>
								</Condition>
							</And>
						</Condition>
					</Or>
				</Condition>
				<Do>
					<Assignment>
						<Var>a</Var>
						<ConditionalExp>
							<Condition>
								<Not>
									<GreaterThan>
										<Addition>
											<OperandA>
												<ExpVar>
													<Var>c</Var>
												</ExpVar>
											</OperandA>
											<OperandB>
												<IntConstant>3</IntConstant>
											</OperandB>
										</Addition>
										<FloatConstant>2.050000</FloatConstant>
									</GreaterThan>
									</Not>
							</Condition>
							<ThenExp>
								<Subtraction>
									<OperandA>
										<Addition>
											<OperandA>
												<Multiplication>
													<OperandA>
														<IntConstant>20</IntConstant>
													</OperandA>
													<OperandB>
														<IntConstant>4</IntConstant>
													</OperandB>
												</Multiplication>
											</OperandA>
											<OperandB>
												<IntConstant>33</IntConstant>
											</OperandB>
										</Addition>
									</OperandA>
									<OperandB>
										<IntConstant>12</IntConstant>
									</OperandB>
								</Subtraction>
							</ThenExp>
							<ElseExp>
								<Subtraction>
									<OperandA>
										<IntConstant>15</IntConstant>
									</OperandA>
									<OperandB>
										<IntConstant>5</IntConstant>
									</OperandB>
								</Subtraction>
							</ElseExp>
						</ConditionalExp>
					</Assignment>
					<Assignment>
						<Var>b</Var>
						<Multiplication>
							<OperandA>
								<ExpVar>
									<Var>b</Var>
								</ExpVar>
							</OperandA>
							<OperandB>
								<IntConstant>80</IntConstant>
							</OperandB>
						</Multiplication>
					</Assignment>
					<Assignment>
						<Var>c</Var>
						<Multiplication>
							<OperandA>
								<Multiplication>
									<OperandA>
										<ExpVar>
											<Var>c</Var>
										</ExpVar>
									</OperandA>
									<OperandB>
										<ExpVar>
											<Var>d</Var>
										</ExpVar>
									</OperandB>
								</Multiplication>
							</OperandA>
							<OperandB>
								<IntConstant>500</IntConstant>
							</OperandB>
						</Multiplication>
					</Assignment>
					<Assignment>
						<Field>
							<AccessedExp>
								<ExpVar>
									<Indexed>
										<IndexedExp>
											<ExpVar>
												<Field>
													<AccessedExp>
														<ExpVar>
															<Var>r</Var>
														</ExpVar>
													</AccessedExp>
													<FieldName>x</FieldName>
												</Field>
											</ExpVar>
										</IndexedExp>
										<IndexExp>
											<IntConstant>2</IntConstant>
										</IndexExp>
									</Indexed>
								</ExpVar>
							</AccessedExp>
							<FieldName>b</FieldName>
						</Field>
						<IntConstant>550</IntConstant>
					</Assignment>
					<Assignment>
						<Field>
							<AccessedExp>
								<ExpVar>
									<Var>r</Var>
								</ExpVar>
							</AccessedExp>
							<FieldName>y</FieldName>
						</Field>
						<IntConstant>3</IntConstant>
					</Assignment>
				</Do>
			</While>
			<Return>
				<Addition>
					<OperandA>
						<IntConstant>4</IntConstant>
					</OperandA>
					<OperandB>
						<Multiplication>
							<OperandA>
								<IntConstant>33</IntConstant>
							</OperandA>
							<OperandB>
								<ExpVar>
									<Var>d</Var>
								</ExpVar>
							</OperandB>
						</Multiplication>
					</OperandB>
				</Addition>
			</Return>
		</Block>
	</FunctionDefinition>
</Module>
