<Module>
	<FunctionDefinition>
		<Name>hello</Name>
		<ReturnType>void</ReturnType>
		<Parameters>
			<Parameter>
				<Name>a</Name>
				<Type>int</Type>
			</Parameter>
			<Parameter>
				<Name>b</Name>
				<Type>float</Type>
			</Parameter>
		</Parameters>
		<Block>
			<Assignment>
				<Var>a</Var>
				<IntConstant>5</IntConstant>
			</Assignment>
			<Assignment>
				<Var>a</Var>
				<Var>a</Var>
			</Assignment>
		</Block>
	</FunctionDefinition>
</Module>
