<Module>
	<FunctionDefinition>
		<Name>hello</Name>
		<ReturnType>void</ReturnType>
		<Parameters>
			<Parameter>
				<Name>a</Name>
				<Type>int</Type>
			</Parameter>
			<Parameter>
				<Name>b</Name>
				<Type>float</Type>
			</Parameter>
		</Parameters>
		<Block>
			<Call>
				<Callee>print</Callee>
				<Parameters>
					<Parameter>
						<IntConstant>4</IntConstant>
					</Parameter>
				</Parameters>
			</Call>
		</Block>
	</FunctionDefinition>
	<VariableDeclaration>
		<Name>test</Name>
		<Type>int</Type>
	</VariableDeclaration>
</Module>
